
==============================================================================
summary of summaries:

analyzed: CHAPv1.spthy

  Test (exists-trace): verified (4 steps)

==============================================================================

real	0m0.184s
user	0m0.241s
sys	0m0.038s

==============================================================================
summary of summaries:

analyzed: CHAPv2.spthy

  Test (exists-trace): verified (6 steps)

==============================================================================

real	0m0.233s
user	0m0.436s
sys	0m0.080s
    !KU( senc(x^inv((~rc.1*x.1)), ~pw) ) @ #vk.11
  solved goal nr. 21 (precomputed):
    !KU( senc(x^inv((~rc.1*x.1)), ~pw) ) @ #vk.11
  solved goal nr. 21 (precomputed):
    !KU( senc(x^inv((~rc.1*x.1)), ~pw) ) @ #vk.11
  solved goal nr. 34 (precomputed): !KU( x.2^(~rc.2*x.3) ) @ #vk.18
  solved goal nr. 21 (precomputed):
    !KU( senc(x^inv((~rc.1*x.1)), ~pw) ) @ #vk.11
./recode.sh: line 3: 23047 Killed                  tamarin-prover --prove --bound=20 "$file"

real	9m12.501s
user	23m41.505s
sys	2m48.319s
  solved goal nr. 27 (precomputed): !KU( ~pwb ) @ #vk.11
  solved goal nr. 27 (precomputed): !KU( ~pwb ) @ #vk.11
  solved goal nr. 27 (precomputed): !KU( ~pwb ) @ #vk.11
  solved goal nr. 27 (precomputed): !KU( ~pwb ) @ #vk.11
  solved goal nr. 27 (precomputed): !KU( ~pwb ) @ #vk.11
  solved goal nr. 27 (precomputed): !KU( ~pwb ) @ #vk.11
  solved goal nr. 27 (precomputed): !KU( ~pwb ) @ #vk.11
  solved goal nr. 27 (precomputed): !KU( ~pwb ) @ #vk.11
./recode.sh: line 3: 23160 Killed                  tamarin-prover --prove --bound=20 "$file"

real	5m51.659s
user	15m9.485s
sys	1m50.932s
              pk(~ltk.2))
    ) @ #vk.8
  solved goal nr. 35 (precomputed): !KU( ~k.2 ) @ #vk.15
  solved goal nr. 35 (precomputed): !KU( ~k.2 ) @ #vk.15
  solved goal nr. 23 (precomputed):
    !KU( aenc(<$B.1, $A, nb1.1, ~k.1, cb.1, nb3.1, senc(nb3.1, ~pwb)>,
              pk(~ltk.2))
    ) @ #vk.8
./recode.sh: line 3: 23269 Killed                  tamarin-prover --prove --bound=20 "$file"

real	4m39.530s
user	12m1.885s
sys	1m29.123s

==============================================================================
summary of summaries:

analyzed: Optimal_GLNS_public_key.spthy

  Test (exists-trace): verified (13 steps)

==============================================================================

real	6m7.939s
user	14m54.590s
sys	1m52.472s
  solved goal nr. 41 (precomputed): !KU( ~pwb ) @ #vk.17
  solved goal nr. 22 (precomputed):
    !KU( aenc((~k⊕x.1), pk(~ltk.2)) ) @ #vk.11
  solved goal nr. 22 (precomputed):
    !KU( aenc((~k⊕x.1), pk(~ltk.2)) ) @ #vk.11
  solved goal nr. 41 (precomputed): !KU( ~pwb ) @ #vk.17
  solved goal nr. 22 (precomputed):
    !KU( aenc((~k⊕x.1), pk(~ltk.2)) ) @ #vk.11
./recode.sh: line 3: 23442 Killed                  tamarin-prover --prove --bound=20 "$file"

real	6m1.864s
user	15m37.851s
sys	1m51.595s



time tamarin-prover --prove --auto-source --bound=5 EAP-EKE.spthy 

==============================================================================
summary of summaries:

analyzed: EAP-EKE.spthy

  WARNING: 83 wellformedness check failed!
           The analysis results might be wrong!
  
  AUTO_typing (all-traces): analysis incomplete (141 steps)
  Test (exists-trace): analysis incomplete (17420 steps)

==============================================================================

real	1m17.658s
user	4m10.911s
sys	0m33.245s



time tamarin-prover --prove --auto-source --bound=10 GLNS_compact.spthy 
==============================================================================
summary of summaries:

analyzed: GLNS_compact.spthy

  WARNING: 13 wellformedness check failed!
           The analysis results might be wrong!
  
  AUTO_typing (all-traces): analysis incomplete (340 steps)
  Test (exists-trace): analysis incomplete (2543 steps)

==============================================================================

real	0m59.490s
user	2m13.314s
sys	0m13.056s


time tamarin-prover --prove --auto-source --bound=5 GLNS_nonce_based.spthy 

==============================================================================
summary of summaries:

analyzed: GLNS_nonce_based.spthy

  WARNING: 13 wellformedness check failed!
           The analysis results might be wrong!
  
  AUTO_typing (all-traces): analysis incomplete (340 steps)
  Test (exists-trace): analysis incomplete (6898 steps)

==============================================================================

real	5m15.115s
user	6m38.361s
sys	0m30.967s



time tamarin-prover --prove --auto-source --bound=5 Simplifie_GLNS_secret_public.spthy 

==============================================================================
summary of summaries:

analyzed: Simplifie_GLNS_secret_public.spthy

  WARNING: 11 wellformedness check failed!
           The analysis results might be wrong!
  
  AUTO_typing (all-traces): analysis incomplete (128 steps)
  Test (exists-trace): analysis incomplete (6034 steps)

==============================================================================

real	5m12.916s
user	6m32.076s
sys	0m26.822s


time tamarin-prover --prove --auto-source --bound=5 GLNS_public_key.spthy 

==============================================================================
summary of summaries:

analyzed: GLNS_public_key.spthy

  WARNING: 17 wellformedness check failed!
           The analysis results might be wrong!
  
  AUTO_typing (all-traces): analysis incomplete (340 steps)
  Test (exists-trace): analysis incomplete (7945 steps)

==============================================================================

real	6m41.939s
user	10m28.803s
sys	0m57.929s
