
==============================================================================
summary of summaries:

analyzed: IKEv2.spthy

  Test (exists-trace): verified (14 steps)

==============================================================================

real	1m20.552s
user	1m44.537s
sys	0m10.145s

==============================================================================
summary of summaries:

analyzed: ISO11770-2-1.spthy

  Test (exists-trace): falsified - no trace found (15 steps)

==============================================================================

real	0m0.423s
user	0m0.483s
sys	0m0.035s

==============================================================================
summary of summaries:

analyzed: ISO11770-2-2.spthy

  Test (exists-trace): falsified - no trace found (6 steps)

==============================================================================

real	0m0.184s
user	0m0.117s
sys	0m0.006s

==============================================================================
summary of summaries:

analyzed: ISO11770-2-3.spthy

  Test (exists-trace): falsified - no trace found (152 steps)

==============================================================================

real	0m7.794s
user	0m13.657s
sys	0m0.840s

==============================================================================
summary of summaries:

analyzed: ISO11770-2-4.spthy

  Test (exists-trace): verified (4 steps)

==============================================================================

real	0m1.375s
user	0m2.153s
sys	0m0.185s

==============================================================================
summary of summaries:

analyzed: ISO11770-2-5.spthy

  Test (exists-trace): falsified - no trace found (300 steps)

==============================================================================

real	0m33.368s
user	0m57.307s
sys	0m4.709s

==============================================================================
summary of summaries:

analyzed: Revised_Andrew_Burrow.spthy

  Test (exists-trace): verified (4 steps)

==============================================================================

real	0m1.141s
user	0m1.625s
sys	0m0.188s
