
==============================================================================
summary of summaries:

analyzed: 9798_2_one.spthy

  Test (exists-trace): falsified - no trace found (7 steps)

==============================================================================

real	0m0.082s
user	0m0.074s
sys	0m0.032s

==============================================================================
summary of summaries:

analyzed: 9798_2_three.spthy

  Test (exists-trace): falsified - no trace found (6 steps)

==============================================================================

real	0m0.083s
user	0m0.101s
sys	0m0.008s

==============================================================================
summary of summaries:

analyzed: 9798_2_two1.spthy

  Test (exists-trace): verified (4 steps)

==============================================================================

real	0m0.082s
user	0m0.089s
sys	0m0.016s

==============================================================================
summary of summaries:

analyzed: 9798_2_two2.spthy

  Test (exists-trace): falsified - no trace found (10 steps)

==============================================================================

real	0m0.093s
user	0m0.117s
sys	0m0.017s

==============================================================================
summary of summaries:

analyzed: 9798_4_one.spthy

  Test (exists-trace): verified (5 steps)

==============================================================================

real	0m0.072s
user	0m0.060s
sys	0m0.010s

==============================================================================
summary of summaries:

  solved goal nr. 19 (precomputed): !KU( ~k ) @ #vk.8
analyzed: 9798_4_three.spthy

  Test (exists-trace): verified (5 steps)

==============================================================================

real	0m0.093s
user	0m0.109s
sys	0m0.030s

==============================================================================
summary of summaries:

analyzed: 9798_4_two1.spthy

  Test (exists-trace): verified (4 steps)

==============================================================================

real	0m0.092s
user	0m0.089s
sys	0m0.049s

==============================================================================
summary of summaries:

analyzed: 9798_4_two2.spthy

  Test (exists-trace): verified (5 steps)

==============================================================================

real	0m0.092s
user	0m0.092s
sys	0m0.027s

==============================================================================
summary of summaries:

analyzed: BREVE1.spthy

  Test (exists-trace): verified (7 steps)

==============================================================================

real	0m0.382s
user	0m0.763s
sys	0m0.106s

==============================================================================
summary of summaries:

analyzed: BRMAP1.spthy

  Test (exists-trace): verified (7 steps)

==============================================================================

real	0m0.183s
user	0m0.298s
sys	0m0.088s

==============================================================================
summary of summaries:

analyzed: Woo-LAM.spthy

  Test (exists-trace): verified (4 steps)

==============================================================================

real	0m0.132s
user	0m0.208s
sys	0m0.033s
